Analysis & Synthesis report for jogo_tempo_reacao
Sat Apr 11 12:35:39 2026
Quartus Prime Version 24.1std.0 Build 1077 03/04/2025 SC Lite Edition


---------------------
; Table of Contents ;
---------------------
  1. Legal Notice
  2. Analysis & Synthesis Summary
  3. Analysis & Synthesis Settings
  4. Parallel Compilation
  5. Analysis & Synthesis Source Files Read
  6. Analysis & Synthesis Resource Usage Summary
  7. Analysis & Synthesis Resource Utilization by Entity
  8. State Machine - |jogo_tempo_reacao|jogo_tempo_reacao_uc:U3|estado
  9. State Machine - |jogo_tempo_reacao|medidor_largura:U2|medidor_largura_uc:control|estado
 10. State Machine - |jogo_tempo_reacao|interface_leds_botoes:U1|interface_leds_botoes_uc:uc|estado
 11. User-Specified and Inferred Latches
 12. Registers Removed During Synthesis
 13. General Register Statistics
 14. Inverted Register Statistics
 15. Port Connectivity Checks: "jogo_tempo_reacao_uc:U3"
 16. Port Connectivity Checks: "medidor_largura:U2"
 17. Port Connectivity Checks: "interface_leds_botoes:U1|cont10_4digitos:cont"
 18. Port Connectivity Checks: "interface_leds_botoes:U1"
 19. Post-Synthesis Netlist Statistics for Top Partition
 20. Elapsed Time Per Partition
 21. Analysis & Synthesis Messages



----------------
; Legal Notice ;
----------------
Copyright (C) 2025  Altera Corporation. All rights reserved.
Your use of Altera Corporation's design tools, logic functions 
and other software and tools, and any partner logic 
functions, and any output files from any of the foregoing 
(including device programming or simulation files), and any 
associated documentation or information are expressly subject 
to the terms and conditions of the Altera Program License 
Subscription Agreement, the Altera Quartus Prime License Agreement,
the Altera IP License Agreement, or other applicable license
agreement, including, without limitation, that your use is for
the sole purpose of programming logic devices manufactured by
Altera and sold by Altera or its authorized distributors.  Please
refer to the Altera Software License Subscription Agreements 
on the Quartus Prime software download page.



+-----------------------------------------------------------------------------------+
; Analysis & Synthesis Summary                                                      ;
+---------------------------------+-------------------------------------------------+
; Analysis & Synthesis Status     ; Successful - Sat Apr 11 12:35:39 2026           ;
; Quartus Prime Version           ; 24.1std.0 Build 1077 03/04/2025 SC Lite Edition ;
; Revision Name                   ; jogo_tempo_reacao                               ;
; Top-level Entity Name           ; jogo_tempo_reacao                               ;
; Family                          ; Cyclone V                                       ;
; Logic utilization (in ALMs)     ; N/A                                             ;
; Total registers                 ; 50                                              ;
; Total pins                      ; 37                                              ;
; Total virtual pins              ; 0                                               ;
; Total block memory bits         ; 0                                               ;
; Total DSP Blocks                ; 0                                               ;
; Total HSSI RX PCSs              ; 0                                               ;
; Total HSSI PMA RX Deserializers ; 0                                               ;
; Total HSSI TX PCSs              ; 0                                               ;
; Total HSSI PMA TX Serializers   ; 0                                               ;
; Total PLLs                      ; 0                                               ;
; Total DLLs                      ; 0                                               ;
+---------------------------------+-------------------------------------------------+


+---------------------------------------------------------------------------------------------------------------------------+
; Analysis & Synthesis Settings                                                                                             ;
+---------------------------------------------------------------------------------+--------------------+--------------------+
; Option                                                                          ; Setting            ; Default Value      ;
+---------------------------------------------------------------------------------+--------------------+--------------------+
; Device                                                                          ; 5CEBA4F23C7        ;                    ;
; Top-level entity name                                                           ; jogo_tempo_reacao  ; jogo_tempo_reacao  ;
; Family name                                                                     ; Cyclone V          ; Cyclone V          ;
; Use smart compilation                                                           ; Off                ; Off                ;
; Enable parallel Assembler and Timing Analyzer during compilation                ; On                 ; On                 ;
; Enable compact report table                                                     ; Off                ; Off                ;
; Restructure Multiplexers                                                        ; Auto               ; Auto               ;
; MLAB Add Timing Constraints For Mixed-Port Feed-Through Mode Setting Don't Care ; Off                ; Off                ;
; Create Debugging Nodes for IP Cores                                             ; Off                ; Off                ;
; Preserve fewer node names                                                       ; On                 ; On                 ;
; Intel FPGA IP Evaluation Mode                                                   ; Enable             ; Enable             ;
; Verilog Version                                                                 ; Verilog_2001       ; Verilog_2001       ;
; VHDL Version                                                                    ; VHDL_1993          ; VHDL_1993          ;
; State Machine Processing                                                        ; Auto               ; Auto               ;
; Safe State Machine                                                              ; Off                ; Off                ;
; Extract Verilog State Machines                                                  ; On                 ; On                 ;
; Extract VHDL State Machines                                                     ; On                 ; On                 ;
; Ignore Verilog initial constructs                                               ; Off                ; Off                ;
; Iteration limit for constant Verilog loops                                      ; 5000               ; 5000               ;
; Iteration limit for non-constant Verilog loops                                  ; 250                ; 250                ;
; Add Pass-Through Logic to Inferred RAMs                                         ; On                 ; On                 ;
; Infer RAMs from Raw Logic                                                       ; On                 ; On                 ;
; Parallel Synthesis                                                              ; On                 ; On                 ;
; DSP Block Balancing                                                             ; Auto               ; Auto               ;
; NOT Gate Push-Back                                                              ; On                 ; On                 ;
; Power-Up Don't Care                                                             ; On                 ; On                 ;
; Remove Redundant Logic Cells                                                    ; Off                ; Off                ;
; Remove Duplicate Registers                                                      ; On                 ; On                 ;
; Ignore CARRY Buffers                                                            ; Off                ; Off                ;
; Ignore CASCADE Buffers                                                          ; Off                ; Off                ;
; Ignore GLOBAL Buffers                                                           ; Off                ; Off                ;
; Ignore ROW GLOBAL Buffers                                                       ; Off                ; Off                ;
; Ignore LCELL Buffers                                                            ; Off                ; Off                ;
; Ignore SOFT Buffers                                                             ; On                 ; On                 ;
; Limit AHDL Integers to 32 Bits                                                  ; Off                ; Off                ;
; Optimization Technique                                                          ; Balanced           ; Balanced           ;
; Carry Chain Length                                                              ; 70                 ; 70                 ;
; Auto Carry Chains                                                               ; On                 ; On                 ;
; Auto Open-Drain Pins                                                            ; On                 ; On                 ;
; Perform WYSIWYG Primitive Resynthesis                                           ; Off                ; Off                ;
; Auto ROM Replacement                                                            ; On                 ; On                 ;
; Auto RAM Replacement                                                            ; On                 ; On                 ;
; Auto DSP Block Replacement                                                      ; On                 ; On                 ;
; Auto Shift Register Replacement                                                 ; Auto               ; Auto               ;
; Allow Shift Register Merging across Hierarchies                                 ; Auto               ; Auto               ;
; Auto Clock Enable Replacement                                                   ; On                 ; On                 ;
; Strict RAM Replacement                                                          ; Off                ; Off                ;
; Allow Synchronous Control Signals                                               ; On                 ; On                 ;
; Force Use of Synchronous Clear Signals                                          ; Off                ; Off                ;
; Auto Resource Sharing                                                           ; Off                ; Off                ;
; Allow Any RAM Size For Recognition                                              ; Off                ; Off                ;
; Allow Any ROM Size For Recognition                                              ; Off                ; Off                ;
; Allow Any Shift Register Size For Recognition                                   ; Off                ; Off                ;
; Use LogicLock Constraints during Resource Balancing                             ; On                 ; On                 ;
; Ignore translate_off and synthesis_off directives                               ; Off                ; Off                ;
; Timing-Driven Synthesis                                                         ; On                 ; On                 ;
; Report Parameter Settings                                                       ; On                 ; On                 ;
; Report Source Assignments                                                       ; On                 ; On                 ;
; Report Connectivity Checks                                                      ; On                 ; On                 ;
; Ignore Maximum Fan-Out Assignments                                              ; Off                ; Off                ;
; Synchronization Register Chain Length                                           ; 3                  ; 3                  ;
; Power Optimization During Synthesis                                             ; Normal compilation ; Normal compilation ;
; HDL message level                                                               ; Level2             ; Level2             ;
; Suppress Register Optimization Related Messages                                 ; Off                ; Off                ;
; Number of Removed Registers Reported in Synthesis Report                        ; 5000               ; 5000               ;
; Number of Swept Nodes Reported in Synthesis Report                              ; 5000               ; 5000               ;
; Number of Inverted Registers Reported in Synthesis Report                       ; 100                ; 100                ;
; Clock MUX Protection                                                            ; On                 ; On                 ;
; Auto Gated Clock Conversion                                                     ; Off                ; Off                ;
; Block Design Naming                                                             ; Auto               ; Auto               ;
; SDC constraint protection                                                       ; Off                ; Off                ;
; Synthesis Effort                                                                ; Auto               ; Auto               ;
; Shift Register Replacement - Allow Asynchronous Clear Signal                    ; On                 ; On                 ;
; Pre-Mapping Resynthesis Optimization                                            ; Off                ; Off                ;
; Analysis & Synthesis Message Level                                              ; Medium             ; Medium             ;
; Disable Register Merging Across Hierarchies                                     ; Auto               ; Auto               ;
; Resource Aware Inference For Block RAM                                          ; On                 ; On                 ;
; Automatic Parallel Synthesis                                                    ; On                 ; On                 ;
; Partial Reconfiguration Bitstream ID                                            ; Off                ; Off                ;
+---------------------------------------------------------------------------------+--------------------+--------------------+


+------------------------------------------+
; Parallel Compilation                     ;
+----------------------------+-------------+
; Processors                 ; Number      ;
+----------------------------+-------------+
; Number detected on machine ; 4           ;
; Maximum allowed            ; 2           ;
;                            ;             ;
; Average used               ; 1.00        ;
; Maximum used               ; 2           ;
;                            ;             ;
; Usage by Processor         ; % Time Used ;
;     Processor 1            ; 100.0%      ;
;     Processor 2            ;   0.0%      ;
+----------------------------+-------------+


+---------------------------------------------------------------------------------------------------------------------------------------------------------------+
; Analysis & Synthesis Source Files Read                                                                                                                        ;
+----------------------------------------+-----------------+-----------------+------------------------------------------------------------------------+---------+
; File Name with User-Entered Path       ; Used in Netlist ; File Type       ; File Name with Absolute Path                                           ; Library ;
+----------------------------------------+-----------------+-----------------+------------------------------------------------------------------------+---------+
; ../Codigo/pulso_assincrono.vhd         ; yes             ; User VHDL File  ; C:/Users/Renan/Desktop/PCS3335/Ex6/Codigo/pulso_assincrono.vhd         ;         ;
; ../Codigo/medidor_largura_uc.vhd       ; yes             ; User VHDL File  ; C:/Users/Renan/Desktop/PCS3335/Ex6/Codigo/medidor_largura_uc.vhd       ;         ;
; ../Codigo/medidor_largura.vhd          ; yes             ; User VHDL File  ; C:/Users/Renan/Desktop/PCS3335/Ex6/Codigo/medidor_largura.vhd          ;         ;
; ../Codigo/jogo_tempo_reacao_uc.vhd     ; yes             ; User VHDL File  ; C:/Users/Renan/Desktop/PCS3335/Ex6/Codigo/jogo_tempo_reacao_uc.vhd     ;         ;
; ../Codigo/interface_leds_botoes_uc.vhd ; yes             ; User VHDL File  ; C:/Users/Renan/Desktop/PCS3335/Ex6/Codigo/interface_leds_botoes_uc.vhd ;         ;
; ../Codigo/interface_leds_botoes.vhd    ; yes             ; User VHDL File  ; C:/Users/Renan/Desktop/PCS3335/Ex6/Codigo/interface_leds_botoes.vhd    ;         ;
; ../Codigo/hex7seg.vhd                  ; yes             ; User VHDL File  ; C:/Users/Renan/Desktop/PCS3335/Ex6/Codigo/hex7seg.vhd                  ;         ;
; ../Codigo/cont10_4digitos.vhd          ; yes             ; User VHDL File  ; C:/Users/Renan/Desktop/PCS3335/Ex6/Codigo/cont10_4digitos.vhd          ;         ;
; ../Codigo/cont10.vhd                   ; yes             ; User VHDL File  ; C:/Users/Renan/Desktop/PCS3335/Ex6/Codigo/cont10.vhd                   ;         ;
; ../Codigo/jogo_tempo_reacao.vhd        ; yes             ; User VHDL File  ; C:/Users/Renan/Desktop/PCS3335/Ex6/Codigo/jogo_tempo_reacao.vhd        ;         ;
+----------------------------------------+-----------------+-----------------+------------------------------------------------------------------------+---------+


+-----------------------------------------------------------+
; Analysis & Synthesis Resource Usage Summary               ;
+---------------------------------------------+-------------+
; Resource                                    ; Usage       ;
+---------------------------------------------+-------------+
; Estimate of Logic utilization (ALMs needed) ; 64          ;
;                                             ;             ;
; Combinational ALUT usage for logic          ; 117         ;
;     -- 7 input functions                    ; 0           ;
;     -- 6 input functions                    ; 10          ;
;     -- 5 input functions                    ; 36          ;
;     -- 4 input functions                    ; 32          ;
;     -- <=3 input functions                  ; 39          ;
;                                             ;             ;
; Dedicated logic registers                   ; 50          ;
;                                             ;             ;
; I/O pins                                    ; 37          ;
;                                             ;             ;
; Total DSP Blocks                            ; 0           ;
;                                             ;             ;
; Maximum fan-out node                        ; clock~input ;
; Maximum fan-out                             ; 50          ;
; Total fan-out                               ; 698         ;
; Average fan-out                             ; 2.90        ;
+---------------------------------------------+-------------+


+------------------------------------------------------------------------------------------------------------------------------------------------------------------------------------------------------------------------------------------------------------------------------------+
; Analysis & Synthesis Resource Utilization by Entity                                                                                                                                                                                                                                ;
+----------------------------------------------+---------------------+---------------------------+-------------------+------------+------+--------------+----------------------------------------------------------------------------------+--------------------------+--------------+
; Compilation Hierarchy Node                   ; Combinational ALUTs ; Dedicated Logic Registers ; Block Memory Bits ; DSP Blocks ; Pins ; Virtual Pins ; Full Hierarchy Name                                                              ; Entity Name              ; Library Name ;
+----------------------------------------------+---------------------+---------------------------+-------------------+------------+------+--------------+----------------------------------------------------------------------------------+--------------------------+--------------+
; |jogo_tempo_reacao                           ; 117 (0)             ; 50 (0)                    ; 0                 ; 0          ; 37   ; 0            ; |jogo_tempo_reacao                                                               ; jogo_tempo_reacao        ; work         ;
;    |interface_leds_botoes:U1|                ; 45 (0)              ; 23 (0)                    ; 0                 ; 0          ; 0    ; 0            ; |jogo_tempo_reacao|interface_leds_botoes:U1                                      ; interface_leds_botoes    ; work         ;
;       |cont10_4digitos:cont|                 ; 25 (4)              ; 16 (0)                    ; 0                 ; 0          ; 0    ; 0            ; |jogo_tempo_reacao|interface_leds_botoes:U1|cont10_4digitos:cont                 ; cont10_4digitos          ; work         ;
;          |cont10:dig0|                       ; 5 (5)               ; 4 (4)                     ; 0                 ; 0          ; 0    ; 0            ; |jogo_tempo_reacao|interface_leds_botoes:U1|cont10_4digitos:cont|cont10:dig0     ; cont10                   ; work         ;
;          |cont10:dig1|                       ; 5 (5)               ; 4 (4)                     ; 0                 ; 0          ; 0    ; 0            ; |jogo_tempo_reacao|interface_leds_botoes:U1|cont10_4digitos:cont|cont10:dig1     ; cont10                   ; work         ;
;          |cont10:dig2|                       ; 5 (5)               ; 4 (4)                     ; 0                 ; 0          ; 0    ; 0            ; |jogo_tempo_reacao|interface_leds_botoes:U1|cont10_4digitos:cont|cont10:dig2     ; cont10                   ; work         ;
;          |cont10:dig3|                       ; 6 (6)               ; 4 (4)                     ; 0                 ; 0          ; 0    ; 0            ; |jogo_tempo_reacao|interface_leds_botoes:U1|cont10_4digitos:cont|cont10:dig3     ; cont10                   ; work         ;
;       |interface_leds_botoes_uc:uc|          ; 19 (19)             ; 7 (7)                     ; 0                 ; 0          ; 0    ; 0            ; |jogo_tempo_reacao|interface_leds_botoes:U1|interface_leds_botoes_uc:uc          ; interface_leds_botoes_uc ; work         ;
;       |pulso_assincrono:identificador_pulso| ; 1 (1)               ; 0 (0)                     ; 0                 ; 0          ; 0    ; 0            ; |jogo_tempo_reacao|interface_leds_botoes:U1|pulso_assincrono:identificador_pulso ; pulso_assincrono         ; work         ;
;    |jogo_tempo_reacao_uc:U3|                 ; 9 (9)               ; 5 (5)                     ; 0                 ; 0          ; 0    ; 0            ; |jogo_tempo_reacao|jogo_tempo_reacao_uc:U3                                       ; jogo_tempo_reacao_uc     ; work         ;
;    |medidor_largura:U2|                      ; 63 (0)              ; 22 (0)                    ; 0                 ; 0          ; 0    ; 0            ; |jogo_tempo_reacao|medidor_largura:U2                                            ; medidor_largura          ; work         ;
;       |cont10_4digitos:cont10|               ; 20 (3)              ; 16 (0)                    ; 0                 ; 0          ; 0    ; 0            ; |jogo_tempo_reacao|medidor_largura:U2|cont10_4digitos:cont10                     ; cont10_4digitos          ; work         ;
;          |cont10:dig0|                       ; 4 (4)               ; 4 (4)                     ; 0                 ; 0          ; 0    ; 0            ; |jogo_tempo_reacao|medidor_largura:U2|cont10_4digitos:cont10|cont10:dig0         ; cont10                   ; work         ;
;          |cont10:dig1|                       ; 4 (4)               ; 4 (4)                     ; 0                 ; 0          ; 0    ; 0            ; |jogo_tempo_reacao|medidor_largura:U2|cont10_4digitos:cont10|cont10:dig1         ; cont10                   ; work         ;
;          |cont10:dig2|                       ; 4 (4)               ; 4 (4)                     ; 0                 ; 0          ; 0    ; 0            ; |jogo_tempo_reacao|medidor_largura:U2|cont10_4digitos:cont10|cont10:dig2         ; cont10                   ; work         ;
;          |cont10:dig3|                       ; 5 (5)               ; 4 (4)                     ; 0                 ; 0          ; 0    ; 0            ; |jogo_tempo_reacao|medidor_largura:U2|cont10_4digitos:cont10|cont10:dig3         ; cont10                   ; work         ;
;       |hex7seg:disp0|                        ; 8 (8)               ; 0 (0)                     ; 0                 ; 0          ; 0    ; 0            ; |jogo_tempo_reacao|medidor_largura:U2|hex7seg:disp0                              ; hex7seg                  ; work         ;
;       |hex7seg:disp1|                        ; 8 (8)               ; 0 (0)                     ; 0                 ; 0          ; 0    ; 0            ; |jogo_tempo_reacao|medidor_largura:U2|hex7seg:disp1                              ; hex7seg                  ; work         ;
;       |hex7seg:disp2|                        ; 8 (8)               ; 0 (0)                     ; 0                 ; 0          ; 0    ; 0            ; |jogo_tempo_reacao|medidor_largura:U2|hex7seg:disp2                              ; hex7seg                  ; work         ;
;       |hex7seg:disp3|                        ; 7 (7)               ; 0 (0)                     ; 0                 ; 0          ; 0    ; 0            ; |jogo_tempo_reacao|medidor_largura:U2|hex7seg:disp3                              ; hex7seg                  ; work         ;
;       |medidor_largura_uc:control|           ; 12 (12)             ; 6 (6)                     ; 0                 ; 0          ; 0    ; 0            ; |jogo_tempo_reacao|medidor_largura:U2|medidor_largura_uc:control                 ; medidor_largura_uc       ; work         ;
+----------------------------------------------+---------------------+---------------------------+-------------------+------------+------+--------------+----------------------------------------------------------------------------------+--------------------------+--------------+
Note: For table entries with two numbers listed, the numbers in parentheses indicate the number of resources of the given type used by the specific entity alone. The numbers listed outside of parentheses indicate the total resources of the given type used by the specific entity and all of its sub-entities in the hierarchy.


Encoding Type:  One-Hot
+---------------------------------------------------------------------------------------------+
; State Machine - |jogo_tempo_reacao|jogo_tempo_reacao_uc:U3|estado                           ;
+-----------------+-------------+------------+-----------------+-------------+----------------+
; Name            ; estado.erro ; estado.fim ; estado.contador ; estado.liga ; estado.inicial ;
+-----------------+-------------+------------+-----------------+-------------+----------------+
; estado.inicial  ; 0           ; 0          ; 0               ; 0           ; 0              ;
; estado.liga     ; 0           ; 0          ; 0               ; 1           ; 1              ;
; estado.contador ; 0           ; 0          ; 1               ; 0           ; 1              ;
; estado.fim      ; 0           ; 1          ; 0               ; 0           ; 1              ;
; estado.erro     ; 1           ; 0          ; 0               ; 0           ; 1              ;
+-----------------+-------------+------------+-----------------+-------------+----------------+


Encoding Type:  One-Hot
+--------------------------------------------------------------------------------------------------------------+
; State Machine - |jogo_tempo_reacao|medidor_largura:U2|medidor_largura_uc:control|estado                      ;
+----------------+---------------+------------+--------------+----------------+---------------+----------------+
; Name           ; estado.espera ; estado.fim ; estado.conta ; estado.prepara ; estado.ligado ; estado.inicial ;
+----------------+---------------+------------+--------------+----------------+---------------+----------------+
; estado.inicial ; 0             ; 0          ; 0            ; 0              ; 0             ; 0              ;
; estado.ligado  ; 0             ; 0          ; 0            ; 0              ; 1             ; 1              ;
; estado.prepara ; 0             ; 0          ; 0            ; 1              ; 0             ; 1              ;
; estado.conta   ; 0             ; 0          ; 1            ; 0              ; 0             ; 1              ;
; estado.fim     ; 0             ; 1          ; 0            ; 0              ; 0             ; 1              ;
; estado.espera  ; 1             ; 0          ; 0            ; 0              ; 0             ; 1              ;
+----------------+---------------+------------+--------------+----------------+---------------+----------------+


Encoding Type:  One-Hot
+------------------------------------------------------------------------------------------------+
; State Machine - |jogo_tempo_reacao|interface_leds_botoes:U1|interface_leds_botoes_uc:uc|estado ;
+----------------+---------------+------------+--------------+-------------+---------------------+
; Name           ; estado.burlou ; estado.fim ; estado.conta ; estado.liga ; estado.inicial      ;
+----------------+---------------+------------+--------------+-------------+---------------------+
; estado.inicial ; 0             ; 0          ; 0            ; 0           ; 0                   ;
; estado.liga    ; 0             ; 0          ; 0            ; 1           ; 1                   ;
; estado.conta   ; 0             ; 0          ; 1            ; 0           ; 1                   ;
; estado.fim     ; 0             ; 1          ; 0            ; 0           ; 1                   ;
; estado.burlou  ; 1             ; 0          ; 0            ; 0           ; 1                   ;
+----------------+---------------+------------+--------------+-------------+---------------------+


+-------------------------------------------------------------------------------------------------------------------------------------------------------------+
; User-Specified and Inferred Latches                                                                                                                         ;
+------------------------------------------------------------------+-----------------------------------------------------------------+------------------------+
; Latch Name                                                       ; Latch Enable Signal                                             ; Free of Timing Hazards ;
+------------------------------------------------------------------+-----------------------------------------------------------------+------------------------+
; interface_leds_botoes:U1|interface_leds_botoes_uc:uc|erro        ; interface_leds_botoes:U1|interface_leds_botoes_uc:uc|WideOr2    ; yes                    ;
; jogo_tempo_reacao_uc:U3|iniciar                                  ; jogo_tempo_reacao_uc:U3|estado.contador                         ; yes                    ;
; interface_leds_botoes:U1|interface_leds_botoes_uc:uc|estimulo    ; interface_leds_botoes:U1|interface_leds_botoes_uc:uc|estimulo   ; yes                    ;
; jogo_tempo_reacao_uc:U3|pronto                                   ; jogo_tempo_reacao_uc:U3|WideOr0                                 ; yes                    ;
; medidor_largura:U2|medidor_largura_uc:control|zeraCont           ; medidor_largura:U2|medidor_largura_uc:control|WideOr3           ; yes                    ;
; medidor_largura:U2|medidor_largura_uc:control|contaCont          ; medidor_largura:U2|medidor_largura_uc:control|WideOr4           ; yes                    ;
; interface_leds_botoes:U1|interface_leds_botoes_uc:uc|burla_state ; GND                                                             ; yes                    ;
; medidor_largura:U2|medidor_largura_uc:control|pronto             ; medidor_largura:U2|medidor_largura_uc:control|pronto            ; yes                    ;
; interface_leds_botoes:U1|interface_leds_botoes_uc:uc|zeraCont    ; interface_leds_botoes:U1|interface_leds_botoes_uc:uc|WideOr4    ; yes                    ;
; interface_leds_botoes:U1|interface_leds_botoes_uc:uc|contaCont   ; interface_leds_botoes:U1|interface_leds_botoes_uc:uc|estado.fim ; yes                    ;
; Number of user-specified and inferred latches = 10               ;                                                                 ;                        ;
+------------------------------------------------------------------+-----------------------------------------------------------------+------------------------+
Note: All latches listed above may not be present at the end of synthesis due to various synthesis optimizations.


+------------------------------------------------------------+
; Registers Removed During Synthesis                         ;
+---------------------------------------+--------------------+
; Register name                         ; Reason for Removal ;
+---------------------------------------+--------------------+
; jogo_tempo_reacao_uc:U3|estado.erro   ; Lost fanout        ;
; Total Number of Removed Registers = 1 ;                    ;
+---------------------------------------+--------------------+


+------------------------------------------------------+
; General Register Statistics                          ;
+----------------------------------------------+-------+
; Statistic                                    ; Value ;
+----------------------------------------------+-------+
; Total registers                              ; 50    ;
; Number of registers using Synchronous Clear  ; 0     ;
; Number of registers using Synchronous Load   ; 0     ;
; Number of registers using Asynchronous Clear ; 50    ;
; Number of registers using Asynchronous Load  ; 0     ;
; Number of registers using Clock Enable       ; 24    ;
; Number of registers using Preset             ; 0     ;
+----------------------------------------------+-------+


+---------------------------------------------------------------------------+
; Inverted Register Statistics                                              ;
+-----------------------------------------------------------------+---------+
; Inverted Register                                               ; Fan out ;
+-----------------------------------------------------------------+---------+
; interface_leds_botoes:U1|interface_leds_botoes_uc:uc|liga_state ; 3       ;
; jogo_tempo_reacao_uc:U3|liga_state                              ; 3       ;
; interface_leds_botoes:U1|interface_leds_botoes_uc:uc|fim_state  ; 2       ;
; Total number of inverted registers = 3                          ;         ;
+-----------------------------------------------------------------+---------+


+---------------------------------------------------------------------------------------------------------------------+
; Port Connectivity Checks: "jogo_tempo_reacao_uc:U3"                                                                 ;
+-----------+--------+----------+-------------------------------------------------------------------------------------+
; Port      ; Type   ; Severity ; Details                                                                             ;
+-----------+--------+----------+-------------------------------------------------------------------------------------+
; db_estado ; Output ; Info     ; Connected to dangling logic. Logic that only feeds a dangling port will be removed. ;
+-----------+--------+----------+-------------------------------------------------------------------------------------+


+-------------------------------------------------------------------------------------------------------------------------+
; Port Connectivity Checks: "medidor_largura:U2"                                                                          ;
+---------------+--------+----------+-------------------------------------------------------------------------------------+
; Port          ; Type   ; Severity ; Details                                                                             ;
+---------------+--------+----------+-------------------------------------------------------------------------------------+
; db_estado     ; Output ; Info     ; Connected to dangling logic. Logic that only feeds a dangling port will be removed. ;
; fim           ; Output ; Info     ; Connected to dangling logic. Logic that only feeds a dangling port will be removed. ;
; db_clock      ; Output ; Info     ; Connected to dangling logic. Logic that only feeds a dangling port will be removed. ;
; db_sinal      ; Output ; Info     ; Connected to dangling logic. Logic that only feeds a dangling port will be removed. ;
; db_zeracont   ; Output ; Info     ; Connected to dangling logic. Logic that only feeds a dangling port will be removed. ;
; db_contacont  ; Output ; Info     ; Connected to dangling logic. Logic that only feeds a dangling port will be removed. ;
; db_valorcont0 ; Output ; Info     ; Connected to dangling logic. Logic that only feeds a dangling port will be removed. ;
; db_valorcont1 ; Output ; Info     ; Connected to dangling logic. Logic that only feeds a dangling port will be removed. ;
; db_valorcont2 ; Output ; Info     ; Connected to dangling logic. Logic that only feeds a dangling port will be removed. ;
; db_valorcont3 ; Output ; Info     ; Connected to dangling logic. Logic that only feeds a dangling port will be removed. ;
+---------------+--------+----------+-------------------------------------------------------------------------------------+


+----------------------------------------------------------------------------------------------------------------+
; Port Connectivity Checks: "interface_leds_botoes:U1|cont10_4digitos:cont"                                      ;
+------+--------+----------+-------------------------------------------------------------------------------------+
; Port ; Type   ; Severity ; Details                                                                             ;
+------+--------+----------+-------------------------------------------------------------------------------------+
; q0   ; Output ; Info     ; Connected to dangling logic. Logic that only feeds a dangling port will be removed. ;
; q1   ; Output ; Info     ; Connected to dangling logic. Logic that only feeds a dangling port will be removed. ;
; q2   ; Output ; Info     ; Connected to dangling logic. Logic that only feeds a dangling port will be removed. ;
; q3   ; Output ; Info     ; Connected to dangling logic. Logic that only feeds a dangling port will be removed. ;
+------+--------+----------+-------------------------------------------------------------------------------------+


+-----------------------------------------------------------------------------------------------------------------------------+
; Port Connectivity Checks: "interface_leds_botoes:U1"                                                                        ;
+-------------------+--------+----------+-------------------------------------------------------------------------------------+
; Port              ; Type   ; Severity ; Details                                                                             ;
+-------------------+--------+----------+-------------------------------------------------------------------------------------+
; ligado            ; Output ; Info     ; Connected to dangling logic. Logic that only feeds a dangling port will be removed. ;
; pulso_scope       ; Output ; Info     ; Connected to dangling logic. Logic that only feeds a dangling port will be removed. ;
; pronto            ; Output ; Info     ; Connected to dangling logic. Logic that only feeds a dangling port will be removed. ;
; burlou_assinc     ; Output ; Info     ; Connected to dangling logic. Logic that only feeds a dangling port will be removed. ;
; db_estado_display ; Output ; Info     ; Connected to dangling logic. Logic that only feeds a dangling port will be removed. ;
+-------------------+--------+----------+-------------------------------------------------------------------------------------+


+-----------------------------------------------------+
; Post-Synthesis Netlist Statistics for Top Partition ;
+-----------------------+-----------------------------+
; Type                  ; Count                       ;
+-----------------------+-----------------------------+
; arriav_ff             ; 50                          ;
;     CLR               ; 26                          ;
;     ENA CLR           ; 24                          ;
; arriav_lcell_comb     ; 122                         ;
;     normal            ; 122                         ;
;         1 data inputs ; 13                          ;
;         2 data inputs ; 14                          ;
;         3 data inputs ; 17                          ;
;         4 data inputs ; 32                          ;
;         5 data inputs ; 36                          ;
;         6 data inputs ; 10                          ;
; boundary_port         ; 37                          ;
;                       ;                             ;
; Max LUT depth         ; 3.00                        ;
; Average LUT depth     ; 1.65                        ;
+-----------------------+-----------------------------+


+-------------------------------+
; Elapsed Time Per Partition    ;
+----------------+--------------+
; Partition Name ; Elapsed Time ;
+----------------+--------------+
; Top            ; 00:00:00     ;
+----------------+--------------+


+-------------------------------+
; Analysis & Synthesis Messages ;
+-------------------------------+
Info: *******************************************************************
Info: Running Quartus Prime Analysis & Synthesis
    Info: Version 24.1std.0 Build 1077 03/04/2025 SC Lite Edition
    Info: Processing started: Sat Apr 11 12:35:21 2026
Info: Command: quartus_map --read_settings_files=on --write_settings_files=off jogo_tempo_reacao -c jogo_tempo_reacao
Warning (18236): Number of processors has not been specified which may cause overloading on shared machines.  Set the global assignment NUM_PARALLEL_PROCESSORS in your QSF to an appropriate value for best performance.
Info (20030): Parallel compilation is enabled and will use 2 of the 2 processors detected
Info (12021): Found 2 design units, including 1 entities, in source file /users/renan/desktop/pcs3335/ex6/codigo/pulso_assincrono.vhd
    Info (12022): Found design unit 1: pulso_assincrono-arch File: C:/Users/Renan/Desktop/PCS3335/Ex6/Codigo/pulso_assincrono.vhd Line: 13
    Info (12023): Found entity 1: pulso_assincrono File: C:/Users/Renan/Desktop/PCS3335/Ex6/Codigo/pulso_assincrono.vhd Line: 5
Info (12021): Found 2 design units, including 1 entities, in source file /users/renan/desktop/pcs3335/ex6/codigo/medidor_largura_uc.vhd
    Info (12022): Found design unit 1: medidor_largura_uc-arch File: C:/Users/Renan/Desktop/PCS3335/Ex6/Codigo/medidor_largura_uc.vhd Line: 19
    Info (12023): Found entity 1: medidor_largura_uc File: C:/Users/Renan/Desktop/PCS3335/Ex6/Codigo/medidor_largura_uc.vhd Line: 5
Info (12021): Found 2 design units, including 1 entities, in source file /users/renan/desktop/pcs3335/ex6/codigo/medidor_largura.vhd
    Info (12022): Found design unit 1: medidor_largura-arch File: C:/Users/Renan/Desktop/PCS3335/Ex6/Codigo/medidor_largura.vhd Line: 30
    Info (12023): Found entity 1: medidor_largura File: C:/Users/Renan/Desktop/PCS3335/Ex6/Codigo/medidor_largura.vhd Line: 5
Info (12021): Found 2 design units, including 1 entities, in source file /users/renan/desktop/pcs3335/ex6/codigo/jogo_tempo_reacao_uc.vhd
    Info (12022): Found design unit 1: jogo_tempo_reacao_uc-arch File: C:/Users/Renan/Desktop/PCS3335/Ex6/Codigo/jogo_tempo_reacao_uc.vhd Line: 19
    Info (12023): Found entity 1: jogo_tempo_reacao_uc File: C:/Users/Renan/Desktop/PCS3335/Ex6/Codigo/jogo_tempo_reacao_uc.vhd Line: 5
Info (12021): Found 2 design units, including 1 entities, in source file /users/renan/desktop/pcs3335/ex6/codigo/jogo_tempo_reacao_tb.vhd
    Info (12022): Found design unit 1: jogo_tempo_reacao_tb-tb File: C:/Users/Renan/Desktop/PCS3335/Ex6/Codigo/jogo_tempo_reacao_tb.vhd Line: 8
    Info (12023): Found entity 1: jogo_tempo_reacao_tb File: C:/Users/Renan/Desktop/PCS3335/Ex6/Codigo/jogo_tempo_reacao_tb.vhd Line: 5
Info (12021): Found 2 design units, including 1 entities, in source file /users/renan/desktop/pcs3335/ex6/codigo/interface_leds_botoes_uc.vhd
    Info (12022): Found design unit 1: interface_leds_botoes_uc-arch File: C:/Users/Renan/Desktop/PCS3335/Ex6/Codigo/interface_leds_botoes_uc.vhd Line: 23
    Info (12023): Found entity 1: interface_leds_botoes_uc File: C:/Users/Renan/Desktop/PCS3335/Ex6/Codigo/interface_leds_botoes_uc.vhd Line: 5
Info (12021): Found 2 design units, including 1 entities, in source file /users/renan/desktop/pcs3335/ex6/codigo/interface_leds_botoes.vhd
    Info (12022): Found design unit 1: interface_leds_botoes-Behavioral File: C:/Users/Renan/Desktop/PCS3335/Ex6/Codigo/interface_leds_botoes.vhd Line: 22
    Info (12023): Found entity 1: interface_leds_botoes File: C:/Users/Renan/Desktop/PCS3335/Ex6/Codigo/interface_leds_botoes.vhd Line: 5
Info (12021): Found 2 design units, including 1 entities, in source file /users/renan/desktop/pcs3335/ex6/codigo/hex7seg.vhd
    Info (12022): Found design unit 1: hex7seg-arch File: C:/Users/Renan/Desktop/PCS3335/Ex6/Codigo/hex7seg.vhd Line: 21
    Info (12023): Found entity 1: hex7seg File: C:/Users/Renan/Desktop/PCS3335/Ex6/Codigo/hex7seg.vhd Line: 14
Info (12021): Found 2 design units, including 1 entities, in source file /users/renan/desktop/pcs3335/ex6/codigo/cont10_4digitos.vhd
    Info (12022): Found design unit 1: cont10_4digitos-cont10_4 File: C:/Users/Renan/Desktop/PCS3335/Ex6/Codigo/cont10_4digitos.vhd Line: 18
    Info (12023): Found entity 1: cont10_4digitos File: C:/Users/Renan/Desktop/PCS3335/Ex6/Codigo/cont10_4digitos.vhd Line: 5
Info (12021): Found 2 design units, including 1 entities, in source file /users/renan/desktop/pcs3335/ex6/codigo/cont10.vhd
    Info (12022): Found design unit 1: cont10-arch File: C:/Users/Renan/Desktop/PCS3335/Ex6/Codigo/cont10.vhd Line: 25
    Info (12023): Found entity 1: cont10 File: C:/Users/Renan/Desktop/PCS3335/Ex6/Codigo/cont10.vhd Line: 15
Info (12021): Found 2 design units, including 1 entities, in source file /users/renan/desktop/pcs3335/ex6/codigo/jogo_tempo_reacao.vhd
    Info (12022): Found design unit 1: jogo_tempo_reacao-behavioral File: C:/Users/Renan/Desktop/PCS3335/Ex6/Codigo/jogo_tempo_reacao.vhd Line: 29
    Info (12023): Found entity 1: jogo_tempo_reacao File: C:/Users/Renan/Desktop/PCS3335/Ex6/Codigo/jogo_tempo_reacao.vhd Line: 5
Info (12127): Elaborating entity "jogo_tempo_reacao" for the top level hierarchy
Warning (10036): Verilog HDL or VHDL warning at jogo_tempo_reacao.vhd(87): object "pronto_interno_interface" assigned a value but never read File: C:/Users/Renan/Desktop/PCS3335/Ex6/Codigo/jogo_tempo_reacao.vhd Line: 87
Info (12128): Elaborating entity "interface_leds_botoes" for hierarchy "interface_leds_botoes:U1" File: C:/Users/Renan/Desktop/PCS3335/Ex6/Codigo/jogo_tempo_reacao.vhd Line: 101
Info (12128): Elaborating entity "interface_leds_botoes_uc" for hierarchy "interface_leds_botoes:U1|interface_leds_botoes_uc:uc" File: C:/Users/Renan/Desktop/PCS3335/Ex6/Codigo/interface_leds_botoes.vhd Line: 77
Warning (10631): VHDL Process Statement warning at interface_leds_botoes_uc.vhd(39): inferring latch(es) for signal or variable "burlou_assinc", which holds its previous value in one or more paths through the process File: C:/Users/Renan/Desktop/PCS3335/Ex6/Codigo/interface_leds_botoes_uc.vhd Line: 39
Warning (10631): VHDL Process Statement warning at interface_leds_botoes_uc.vhd(39): inferring latch(es) for signal or variable "burla_state", which holds its previous value in one or more paths through the process File: C:/Users/Renan/Desktop/PCS3335/Ex6/Codigo/interface_leds_botoes_uc.vhd Line: 39
Warning (10492): VHDL Process Statement warning at interface_leds_botoes_uc.vhd(72): signal "liga_state" is read inside the Process Statement but isn't in the Process Statement's sensitivity list File: C:/Users/Renan/Desktop/PCS3335/Ex6/Codigo/interface_leds_botoes_uc.vhd Line: 72
Warning (10492): VHDL Process Statement warning at interface_leds_botoes_uc.vhd(85): signal "burla_state" is read inside the Process Statement but isn't in the Process Statement's sensitivity list File: C:/Users/Renan/Desktop/PCS3335/Ex6/Codigo/interface_leds_botoes_uc.vhd Line: 85
Warning (10492): VHDL Process Statement warning at interface_leds_botoes_uc.vhd(95): signal "fim_state" is read inside the Process Statement but isn't in the Process Statement's sensitivity list File: C:/Users/Renan/Desktop/PCS3335/Ex6/Codigo/interface_leds_botoes_uc.vhd Line: 95
Warning (10631): VHDL Process Statement warning at interface_leds_botoes_uc.vhd(61): inferring latch(es) for signal or variable "contaCont", which holds its previous value in one or more paths through the process File: C:/Users/Renan/Desktop/PCS3335/Ex6/Codigo/interface_leds_botoes_uc.vhd Line: 61
Warning (10631): VHDL Process Statement warning at interface_leds_botoes_uc.vhd(61): inferring latch(es) for signal or variable "ligado", which holds its previous value in one or more paths through the process File: C:/Users/Renan/Desktop/PCS3335/Ex6/Codigo/interface_leds_botoes_uc.vhd Line: 61
Warning (10631): VHDL Process Statement warning at interface_leds_botoes_uc.vhd(61): inferring latch(es) for signal or variable "erro", which holds its previous value in one or more paths through the process File: C:/Users/Renan/Desktop/PCS3335/Ex6/Codigo/interface_leds_botoes_uc.vhd Line: 61
Warning (10631): VHDL Process Statement warning at interface_leds_botoes_uc.vhd(61): inferring latch(es) for signal or variable "estimulo", which holds its previous value in one or more paths through the process File: C:/Users/Renan/Desktop/PCS3335/Ex6/Codigo/interface_leds_botoes_uc.vhd Line: 61
Warning (10631): VHDL Process Statement warning at interface_leds_botoes_uc.vhd(61): inferring latch(es) for signal or variable "pronto", which holds its previous value in one or more paths through the process File: C:/Users/Renan/Desktop/PCS3335/Ex6/Codigo/interface_leds_botoes_uc.vhd Line: 61
Warning (10631): VHDL Process Statement warning at interface_leds_botoes_uc.vhd(61): inferring latch(es) for signal or variable "zeraCont", which holds its previous value in one or more paths through the process File: C:/Users/Renan/Desktop/PCS3335/Ex6/Codigo/interface_leds_botoes_uc.vhd Line: 61
Info (10041): Inferred latch for "zeraCont" at interface_leds_botoes_uc.vhd(61) File: C:/Users/Renan/Desktop/PCS3335/Ex6/Codigo/interface_leds_botoes_uc.vhd Line: 61
Info (10041): Inferred latch for "pronto" at interface_leds_botoes_uc.vhd(61) File: C:/Users/Renan/Desktop/PCS3335/Ex6/Codigo/interface_leds_botoes_uc.vhd Line: 61
Info (10041): Inferred latch for "estimulo" at interface_leds_botoes_uc.vhd(61) File: C:/Users/Renan/Desktop/PCS3335/Ex6/Codigo/interface_leds_botoes_uc.vhd Line: 61
Info (10041): Inferred latch for "erro" at interface_leds_botoes_uc.vhd(61) File: C:/Users/Renan/Desktop/PCS3335/Ex6/Codigo/interface_leds_botoes_uc.vhd Line: 61
Info (10041): Inferred latch for "ligado" at interface_leds_botoes_uc.vhd(61) File: C:/Users/Renan/Desktop/PCS3335/Ex6/Codigo/interface_leds_botoes_uc.vhd Line: 61
Info (10041): Inferred latch for "contaCont" at interface_leds_botoes_uc.vhd(61) File: C:/Users/Renan/Desktop/PCS3335/Ex6/Codigo/interface_leds_botoes_uc.vhd Line: 61
Info (10041): Inferred latch for "burla_state" at interface_leds_botoes_uc.vhd(39) File: C:/Users/Renan/Desktop/PCS3335/Ex6/Codigo/interface_leds_botoes_uc.vhd Line: 39
Info (10041): Inferred latch for "burlou_assinc" at interface_leds_botoes_uc.vhd(39) File: C:/Users/Renan/Desktop/PCS3335/Ex6/Codigo/interface_leds_botoes_uc.vhd Line: 39
Info (12128): Elaborating entity "cont10_4digitos" for hierarchy "interface_leds_botoes:U1|cont10_4digitos:cont" File: C:/Users/Renan/Desktop/PCS3335/Ex6/Codigo/interface_leds_botoes.vhd Line: 94
Info (12128): Elaborating entity "cont10" for hierarchy "interface_leds_botoes:U1|cont10_4digitos:cont|cont10:dig0" File: C:/Users/Renan/Desktop/PCS3335/Ex6/Codigo/cont10_4digitos.vhd Line: 36
Info (12128): Elaborating entity "pulso_assincrono" for hierarchy "interface_leds_botoes:U1|pulso_assincrono:identificador_pulso" File: C:/Users/Renan/Desktop/PCS3335/Ex6/Codigo/interface_leds_botoes.vhd Line: 106
Info (12128): Elaborating entity "hex7seg" for hierarchy "interface_leds_botoes:U1|hex7seg:display" File: C:/Users/Renan/Desktop/PCS3335/Ex6/Codigo/interface_leds_botoes.vhd Line: 113
Info (12128): Elaborating entity "medidor_largura" for hierarchy "medidor_largura:U2" File: C:/Users/Renan/Desktop/PCS3335/Ex6/Codigo/jogo_tempo_reacao.vhd Line: 116
Info (12128): Elaborating entity "medidor_largura_uc" for hierarchy "medidor_largura:U2|medidor_largura_uc:control" File: C:/Users/Renan/Desktop/PCS3335/Ex6/Codigo/medidor_largura.vhd Line: 79
Warning (10631): VHDL Process Statement warning at medidor_largura_uc.vhd(33): inferring latch(es) for signal or variable "zeraCont", which holds its previous value in one or more paths through the process File: C:/Users/Renan/Desktop/PCS3335/Ex6/Codigo/medidor_largura_uc.vhd Line: 33
Warning (10631): VHDL Process Statement warning at medidor_largura_uc.vhd(33): inferring latch(es) for signal or variable "contaCont", which holds its previous value in one or more paths through the process File: C:/Users/Renan/Desktop/PCS3335/Ex6/Codigo/medidor_largura_uc.vhd Line: 33
Warning (10631): VHDL Process Statement warning at medidor_largura_uc.vhd(33): inferring latch(es) for signal or variable "pronto", which holds its previous value in one or more paths through the process File: C:/Users/Renan/Desktop/PCS3335/Ex6/Codigo/medidor_largura_uc.vhd Line: 33
Info (10041): Inferred latch for "pronto" at medidor_largura_uc.vhd(33) File: C:/Users/Renan/Desktop/PCS3335/Ex6/Codigo/medidor_largura_uc.vhd Line: 33
Info (10041): Inferred latch for "contaCont" at medidor_largura_uc.vhd(33) File: C:/Users/Renan/Desktop/PCS3335/Ex6/Codigo/medidor_largura_uc.vhd Line: 33
Info (10041): Inferred latch for "zeraCont" at medidor_largura_uc.vhd(33) File: C:/Users/Renan/Desktop/PCS3335/Ex6/Codigo/medidor_largura_uc.vhd Line: 33
Info (12128): Elaborating entity "jogo_tempo_reacao_uc" for hierarchy "jogo_tempo_reacao_uc:U3" File: C:/Users/Renan/Desktop/PCS3335/Ex6/Codigo/jogo_tempo_reacao.vhd Line: 139
Warning (10492): VHDL Process Statement warning at jogo_tempo_reacao_uc.vhd(52): signal "jogar" is read inside the Process Statement but isn't in the Process Statement's sensitivity list File: C:/Users/Renan/Desktop/PCS3335/Ex6/Codigo/jogo_tempo_reacao_uc.vhd Line: 52
Warning (10631): VHDL Process Statement warning at jogo_tempo_reacao_uc.vhd(45): inferring latch(es) for signal or variable "db_estado", which holds its previous value in one or more paths through the process File: C:/Users/Renan/Desktop/PCS3335/Ex6/Codigo/jogo_tempo_reacao_uc.vhd Line: 45
Warning (10631): VHDL Process Statement warning at jogo_tempo_reacao_uc.vhd(45): inferring latch(es) for signal or variable "pronto", which holds its previous value in one or more paths through the process File: C:/Users/Renan/Desktop/PCS3335/Ex6/Codigo/jogo_tempo_reacao_uc.vhd Line: 45
Warning (10631): VHDL Process Statement warning at jogo_tempo_reacao_uc.vhd(45): inferring latch(es) for signal or variable "iniciar", which holds its previous value in one or more paths through the process File: C:/Users/Renan/Desktop/PCS3335/Ex6/Codigo/jogo_tempo_reacao_uc.vhd Line: 45
Info (10041): Inferred latch for "iniciar" at jogo_tempo_reacao_uc.vhd(45) File: C:/Users/Renan/Desktop/PCS3335/Ex6/Codigo/jogo_tempo_reacao_uc.vhd Line: 45
Info (10041): Inferred latch for "pronto" at jogo_tempo_reacao_uc.vhd(45) File: C:/Users/Renan/Desktop/PCS3335/Ex6/Codigo/jogo_tempo_reacao_uc.vhd Line: 45
Info (10041): Inferred latch for "db_estado[0]" at jogo_tempo_reacao_uc.vhd(45) File: C:/Users/Renan/Desktop/PCS3335/Ex6/Codigo/jogo_tempo_reacao_uc.vhd Line: 45
Info (10041): Inferred latch for "db_estado[1]" at jogo_tempo_reacao_uc.vhd(45) File: C:/Users/Renan/Desktop/PCS3335/Ex6/Codigo/jogo_tempo_reacao_uc.vhd Line: 45
Info (10041): Inferred latch for "db_estado[2]" at jogo_tempo_reacao_uc.vhd(45) File: C:/Users/Renan/Desktop/PCS3335/Ex6/Codigo/jogo_tempo_reacao_uc.vhd Line: 45
Info (10041): Inferred latch for "db_estado[3]" at jogo_tempo_reacao_uc.vhd(45) File: C:/Users/Renan/Desktop/PCS3335/Ex6/Codigo/jogo_tempo_reacao_uc.vhd Line: 45
Warning (13012): Latch interface_leds_botoes:U1|interface_leds_botoes_uc:uc|erro has unsafe behavior File: C:/Users/Renan/Desktop/PCS3335/Ex6/Codigo/interface_leds_botoes_uc.vhd Line: 14
    Warning (13013): Ports D and ENA on the latch are fed by the same signal interface_leds_botoes:U1|interface_leds_botoes_uc:uc|estado.burlou File: C:/Users/Renan/Desktop/PCS3335/Ex6/Codigo/interface_leds_botoes_uc.vhd Line: 25
Warning (13012): Latch jogo_tempo_reacao_uc:U3|pronto has unsafe behavior File: C:/Users/Renan/Desktop/PCS3335/Ex6/Codigo/jogo_tempo_reacao_uc.vhd Line: 13
    Warning (13013): Ports D and ENA on the latch are fed by the same signal jogo_tempo_reacao_uc:U3|estado.fim File: C:/Users/Renan/Desktop/PCS3335/Ex6/Codigo/jogo_tempo_reacao_uc.vhd Line: 21
Warning (13012): Latch interface_leds_botoes:U1|interface_leds_botoes_uc:uc|zeraCont has unsafe behavior File: C:/Users/Renan/Desktop/PCS3335/Ex6/Codigo/interface_leds_botoes_uc.vhd Line: 18
    Warning (13013): Ports D and ENA on the latch are fed by the same signal interface_leds_botoes:U1|interface_leds_botoes_uc:uc|estado.liga File: C:/Users/Renan/Desktop/PCS3335/Ex6/Codigo/interface_leds_botoes_uc.vhd Line: 25
Info (286030): Timing-Driven Synthesis is running
Critical Warning (18061): Ignored Power-Up Level option on the following registers
    Critical Warning (18010): Register interface_leds_botoes:U1|interface_leds_botoes_uc:uc|liga_state will power up to High File: C:/Users/Renan/Desktop/PCS3335/Ex6/Codigo/interface_leds_botoes_uc.vhd Line: 26
    Critical Warning (18010): Register jogo_tempo_reacao_uc:U3|liga_state will power up to High File: C:/Users/Renan/Desktop/PCS3335/Ex6/Codigo/jogo_tempo_reacao_uc.vhd Line: 22
    Critical Warning (18010): Register interface_leds_botoes:U1|interface_leds_botoes_uc:uc|fim_state will power up to High File: C:/Users/Renan/Desktop/PCS3335/Ex6/Codigo/interface_leds_botoes_uc.vhd Line: 26
Info (17049): 1 registers lost all their fanouts during netlist optimizations.
Info (16010): Generating hard_block partition "hard_block:auto_generated_inst"
    Info (16011): Adding 0 node(s), including 0 DDIO, 0 PLL, 0 transceiver and 0 LCELL
Info (21057): Implemented 155 device resources after synthesis - the final resource count might be different
    Info (21058): Implemented 4 input pins
    Info (21059): Implemented 33 output pins
    Info (21061): Implemented 118 logic cells
Info: Quartus Prime Analysis & Synthesis was successful. 0 errors, 30 warnings
    Info: Peak virtual memory: 4860 megabytes
    Info: Processing ended: Sat Apr 11 12:35:39 2026
    Info: Elapsed time: 00:00:18
    Info: Total CPU time (on all processors): 00:00:36


